[debug] [2024-03-31T10:39:30.361Z] ----------------------------------------------------------------------
[debug] [2024-03-31T10:39:30.363Z] Command:       C:\Program Files\nodejs\node.exe C:\Program Files\nodejs\node_modules\firebase-tools\lib\bin\firebase.js deploy
[debug] [2024-03-31T10:39:30.363Z] CLI Version:   13.6.0
[debug] [2024-03-31T10:39:30.363Z] Platform:      win32
[debug] [2024-03-31T10:39:30.363Z] Node Version:  v18.17.0
[debug] [2024-03-31T10:39:30.364Z] Time:          Sun Mar 31 2024 16:09:30 GMT+0530 (India Standard Time)
[debug] [2024-03-31T10:39:30.364Z] ----------------------------------------------------------------------
[debug] 
[debug] [2024-03-31T10:39:30.436Z] > command requires scopes: ["email","openid","https://www.googleapis.com/auth/cloudplatformprojects.readonly","https://www.googleapis.com/auth/firebase","https://www.googleapis.com/auth/cloud-platform"]
[debug] [2024-03-31T10:39:30.437Z] > authorizing via signed-in user (1520703119@gecdelhi.ac.in)
[debug] [2024-03-31T10:39:30.437Z] [iam] checking project expensetracker-cd16f for permissions ["firebase.projects.get","firebasehosting.sites.update"]
[debug] [2024-03-31T10:39:30.440Z] >>> [apiv2][query] POST https://cloudresourcemanager.googleapis.com/v1/projects/expensetracker-cd16f:testIamPermissions [none]
[debug] [2024-03-31T10:39:30.440Z] >>> [apiv2][(partial)header] POST https://cloudresourcemanager.googleapis.com/v1/projects/expensetracker-cd16f:testIamPermissions x-goog-quota-user=projects/expensetracker-cd16f
[debug] [2024-03-31T10:39:30.441Z] >>> [apiv2][body] POST https://cloudresourcemanager.googleapis.com/v1/projects/expensetracker-cd16f:testIamPermissions {"permissions":["firebase.projects.get","firebasehosting.sites.update"]}
[debug] [2024-03-31T10:39:32.178Z] <<< [apiv2][status] POST https://cloudresourcemanager.googleapis.com/v1/projects/expensetracker-cd16f:testIamPermissions 200
[debug] [2024-03-31T10:39:32.179Z] <<< [apiv2][body] POST https://cloudresourcemanager.googleapis.com/v1/projects/expensetracker-cd16f:testIamPermissions {"permissions":["firebase.projects.get","firebasehosting.sites.update"]}
[debug] [2024-03-31T10:39:32.180Z] >>> [apiv2][query] GET https://firebase.googleapis.com/v1beta1/projects/expensetracker-cd16f [none]
[debug] [2024-03-31T10:39:32.837Z] <<< [apiv2][status] GET https://firebase.googleapis.com/v1beta1/projects/expensetracker-cd16f 200
[debug] [2024-03-31T10:39:32.838Z] <<< [apiv2][body] GET https://firebase.googleapis.com/v1beta1/projects/expensetracker-cd16f {"projectId":"expensetracker-cd16f","projectNumber":"745309719954","displayName":"ExpenseTracker","name":"projects/expensetracker-cd16f","resources":{"hostingSite":"expensetracker-cd16f","storageBucket":"expensetracker-cd16f.appspot.com","locationId":"asia-south1"},"state":"ACTIVE","etag":"1_fde0a1f8-c2cb-4429-b9ef-f32c05d20e4e"}
[info] 
[info] === Deploying to 'expensetracker-cd16f'...
[info] 
[info] i  deploying hosting 
[debug] [2024-03-31T10:39:32.849Z] >>> [apiv2][query] POST https://firebasehosting.googleapis.com/v1beta1/projects/-/sites/expensetracker-cd16f/versions [none]
[debug] [2024-03-31T10:39:32.849Z] >>> [apiv2][body] POST https://firebasehosting.googleapis.com/v1beta1/projects/-/sites/expensetracker-cd16f/versions {"status":"CREATED","labels":{"deployment-tool":"cli-firebase"}}
